<html>
<body>
<pre>
<h1>µVision Build Log</h1>
<h2>Tool Versions:</h2>
IDE-Version: µVision V5.43.1.0
Copyright (C) 2025 ARM Ltd and ARM Germany GmbH. All rights reserved.
License Information: makal rakhiar, HP Inc., LIC=----
 
Tool Versions:
Toolchain:       MDK-Lite  Version: 5.43.0.0
Toolchain Path:  C:\Users\rakhi\AppData\Local\Keil_v5\ARM\ARMCLANG\Bin
C Compiler:      ArmClang.exe V6.24
Assembler:       Armasm.exe V6.24
Linker/Locator:  ArmLink.exe V6.24
Library Manager: ArmAr.exe V6.24
Hex Converter:   FromElf.exe V6.24
CPU DLL:         SARMCM3.DLL V5.43.0.0
Dialog DLL:      DCM.DLL V1.17.5.0
Target DLL:      UL2CM3.DLL V1.164.16.0
Dialog DLL:      TCM.DLL V1.56.6.0
 
<h2>Project:</h2>
D:\Summee)Vacation\rtos_qemu\rtos_qemu.uvprojx
Project File Date:  06/02/2026

<h2>Output:</h2>
*** Using Compiler 'V6.24', folder: 'C:\Users\rakhi\AppData\Local\Keil_v5\ARM\ARMCLANG\Bin'
Rebuild target 'Target_1'
compiling system_ARMCM3.c...
compiling startup_ARMCM3.c...
compiling main.c...
compiling os.c...
assembling os_asm.s...
linking...
Program Size: Code=2344 RO-data=992 RW-data=12 ZI-data=25036  
".\Objects\rtos_qemu.axf" - 0 Error(s), 0 Warning(s).

<h2>Software Packages used:</h2>

Package Vendor: ARM
                https://www.keil.com/pack/ARM.CMSIS.6.2.0.pack
                ARM::CMSIS@6.2.0
                CMSIS (Common Microcontroller Software Interface Standard)
   * Component: CORE Version: 6.1.1

Package Vendor: ARM
                https://www.keil.com/pack/ARM.Cortex_DFP.1.1.0.pack
                ARM::Cortex_DFP@1.1.0
                ARM Cortex Reference Subsystems Device Family Pack
   * Component: Startup Variant: C Startup Version: 2.2.0

<h2>Collection of Component include folders:</h2>
  ./RTE/_Target_1
  C:/Users/rakhi/AppData/Local/Arm/Packs/ARM/CMSIS/6.2.0/CMSIS/Core/Include
  C:/Users/rakhi/AppData/Local/Arm/Packs/ARM/Cortex_DFP/1.1.0/Device/ARMCM3/Include

<h2>Collection of Component Files used:</h2>

   * Component: ARM::CMSIS:CORE@6.1.1

   * Component: ARM::Device:Startup&C Startup@2.2.0
      Source file:   Device/ARMCM3/Source/startup_ARMCM3.c
      Source file:   Device/ARMCM3/Source/system_ARMCM3.c
      Include file:  Device/ARMCM3/Include/ARMCM3.h
Build Time Elapsed:  00:00:01
</pre>
</body>
</html>
