Component: Arm Compiler for Embedded 6.24 Tool: armlink [5f371500]

==============================================================================

Section Cross References

    os.o(.text.os_malloc) refers to os.o(.bss.pool_index) for pool_index
    os.o(.text.os_malloc) refers to os.o(.bss.memory_pool) for memory_pool
    os.o(.ARM.exidx.text.os_malloc) refers to os.o(.text.os_malloc) for [Anonymous Symbol]
    os.o(.text.os_task_create) refers to os.o(.bss.tasks) for tasks
    os.o(.text.os_task_create) refers to os.o(.bss.num_created_tasks) for num_created_tasks
    os.o(.ARM.exidx.text.os_task_create) refers to os.o(.text.os_task_create) for [Anonymous Symbol]
    os.o(.text.os_scheduler) refers to os.o(.bss.current_task) for current_task
    os.o(.text.os_scheduler) refers to os.o(.bss.tasks) for tasks
    os.o(.text.os_scheduler) refers to os.o(.bss.num_created_tasks) for num_created_tasks
    os.o(.ARM.exidx.text.os_scheduler) refers to os.o(.text.os_scheduler) for [Anonymous Symbol]
    os.o(.text.os_start) refers to os.o(.text.__NVIC_SetPriority) for __NVIC_SetPriority
    os.o(.text.os_start) refers to os.o(.text.SysTick_Config) for SysTick_Config
    os.o(.text.os_start) refers to os.o(.bss.tasks) for tasks
    os.o(.ARM.exidx.text.os_start) refers to os.o(.text.os_start) for [Anonymous Symbol]
    os.o(.ARM.exidx.text.__NVIC_SetPriority) refers to os.o(.text.__NVIC_SetPriority) for [Anonymous Symbol]
    os.o(.text.SysTick_Config) refers to os.o(.text.__NVIC_SetPriority) for __NVIC_SetPriority
    os.o(.ARM.exidx.text.SysTick_Config) refers to os.o(.text.SysTick_Config) for [Anonymous Symbol]
    os.o(.text.os_delay) refers to os.o(.bss.os_tick) for os_tick
    os.o(.text.os_delay) refers to os.o(.bss.current_task) for current_task
    os.o(.text.os_delay) refers to os.o(.bss.tasks) for tasks
    os.o(.text.os_delay) refers to os.o(.text.os_scheduler) for os_scheduler
    os.o(.text.os_delay) refers to os.o(.bss.next_task) for next_task
    os.o(.ARM.exidx.text.os_delay) refers to os.o(.text.os_delay) for [Anonymous Symbol]
    os.o(.text.SysTick_Handler) refers to os.o(.bss.os_tick) for os_tick
    os.o(.text.SysTick_Handler) refers to os.o(.bss.num_created_tasks) for num_created_tasks
    os.o(.text.SysTick_Handler) refers to os.o(.bss.tasks) for tasks
    os.o(.text.SysTick_Handler) refers to os.o(.text.os_scheduler) for os_scheduler
    os.o(.text.SysTick_Handler) refers to os.o(.bss.next_task) for next_task
    os.o(.ARM.exidx.text.SysTick_Handler) refers to os.o(.text.SysTick_Handler) for [Anonymous Symbol]
    os.o(.ARM.exidx.text.HardFault_Handler) refers to os.o(.text.HardFault_Handler) for [Anonymous Symbol]
    os.o(.text.mutex_lock) refers to os.o(.bss.current_task) for current_task
    os.o(.text.mutex_lock) refers to os.o(.bss.tasks) for tasks
    os.o(.text.mutex_lock) refers to os.o(.text.os_scheduler) for os_scheduler
    os.o(.text.mutex_lock) refers to os.o(.bss.next_task) for next_task
    os.o(.ARM.exidx.text.mutex_lock) refers to os.o(.text.mutex_lock) for [Anonymous Symbol]
    os.o(.text.mutex_unlock) refers to os.o(.bss.current_task) for current_task
    os.o(.text.mutex_unlock) refers to os.o(.bss.num_created_tasks) for num_created_tasks
    os.o(.text.mutex_unlock) refers to os.o(.bss.tasks) for tasks
    os.o(.ARM.exidx.text.mutex_unlock) refers to os.o(.text.mutex_unlock) for [Anonymous Symbol]
    os.o(.text.sem_wait) refers to os.o(.bss.current_task) for current_task
    os.o(.text.sem_wait) refers to os.o(.bss.tasks) for tasks
    os.o(.text.sem_wait) refers to os.o(.text.os_scheduler) for os_scheduler
    os.o(.text.sem_wait) refers to os.o(.bss.next_task) for next_task
    os.o(.ARM.exidx.text.sem_wait) refers to os.o(.text.sem_wait) for [Anonymous Symbol]
    os.o(.text.sem_post) refers to os.o(.bss.num_created_tasks) for num_created_tasks
    os.o(.text.sem_post) refers to os.o(.bss.tasks) for tasks
    os.o(.ARM.exidx.text.sem_post) refers to os.o(.text.sem_post) for [Anonymous Symbol]
    os.o(.text.queue_send) refers to os.o(.bss.current_task) for current_task
    os.o(.text.queue_send) refers to os.o(.bss.tasks) for tasks
    os.o(.text.queue_send) refers to os.o(.text.os_scheduler) for os_scheduler
    os.o(.text.queue_send) refers to os.o(.bss.next_task) for next_task
    os.o(.ARM.exidx.text.queue_send) refers to os.o(.text.queue_send) for [Anonymous Symbol]
    os.o(.text.queue_receive) refers to os.o(.bss.current_task) for current_task
    os.o(.text.queue_receive) refers to os.o(.bss.tasks) for tasks
    os.o(.text.queue_receive) refers to os.o(.text.os_scheduler) for os_scheduler
    os.o(.text.queue_receive) refers to os.o(.bss.next_task) for next_task
    os.o(.ARM.exidx.text.queue_receive) refers to os.o(.text.queue_receive) for [Anonymous Symbol]
    os_asm.o(SVC_Code) refers to os.o(.bss.current_task) for current_task
    os_asm.o(SVC_Code) refers to os.o(.bss.tasks) for tasks
    os_asm.o(SVC_Code) refers to os.o(.bss.next_task) for next_task
    main.o(.text.task1) refers to main.o(.data.shared_mutex) for shared_mutex
    main.o(.text.task1) refers to os.o(.text.mutex_lock) for mutex_lock
    main.o(.text.task1) refers to main.o(.bss.shared_counter) for shared_counter
    main.o(.text.task1) refers to os.o(.text.mutex_unlock) for mutex_unlock
    main.o(.text.task1) refers to main.o(.bss.myqueue) for myqueue
    main.o(.text.task1) refers to os.o(.text.queue_send) for queue_send
    main.o(.text.task1) refers to main.o(.bss.data_ready) for data_ready
    main.o(.text.task1) refers to os.o(.text.sem_post) for sem_post
    main.o(.text.task1) refers to os.o(.text.os_delay) for os_delay
    main.o(.ARM.exidx.text.task1) refers to main.o(.text.task1) for [Anonymous Symbol]
    main.o(.text.task2) refers to main.o(.bss.data_ready) for data_ready
    main.o(.text.task2) refers to os.o(.text.sem_wait) for sem_wait
    main.o(.text.task2) refers to main.o(.bss.myqueue) for myqueue
    main.o(.text.task2) refers to os.o(.text.queue_receive) for queue_receive
    main.o(.text.task2) refers to main.o(.bss.received_msg) for received_msg
    main.o(.text.task2) refers to main.o(.data.shared_mutex) for shared_mutex
    main.o(.text.task2) refers to os.o(.text.mutex_lock) for mutex_lock
    main.o(.text.task2) refers to main.o(.bss.shared_counter) for shared_counter
    main.o(.text.task2) refers to os.o(.text.mutex_unlock) for mutex_unlock
    main.o(.text.task2) refers to os.o(.text.os_delay) for os_delay
    main.o(.ARM.exidx.text.task2) refers to main.o(.text.task2) for [Anonymous Symbol]
    main.o(.ARM.exidx.text.idle_task) refers to main.o(.text.idle_task) for [Anonymous Symbol]
    main.o(.text.main) refers to os.o(.text.os_malloc) for os_malloc
    main.o(.text.main) refers to os.o(.bss.tasks) for tasks
    main.o(.text.main) refers to main.o(.text.task1) for task1
    main.o(.text.main) refers to os.o(.text.os_task_create) for os_task_create
    main.o(.text.main) refers to main.o(.text.task2) for task2
    main.o(.text.main) refers to main.o(.text.idle_task) for idle_task
    main.o(.text.main) refers to os.o(.text.os_start) for os_start
    main.o(.ARM.exidx.text.main) refers to main.o(.text.main) for [Anonymous Symbol]
    startup_armcm3.o(.ARM.exidx.text.Default_Handler) refers to startup_armcm3.o(.text.Default_Handler) for [Anonymous Symbol]
    startup_armcm3.o(.text.Reset_Handler) refers to system_armcm3.o(.text.SystemInit) for SystemInit
    startup_armcm3.o(.text.Reset_Handler) refers to entry.o(.ARM.Collect$$$$00000000) for __main
    startup_armcm3.o(.ARM.exidx.text.Reset_Handler) refers to startup_armcm3.o(.text.Reset_Handler) for [Anonymous Symbol]
    startup_armcm3.o(.ARM.exidx.text.HardFault_Handler) refers to startup_armcm3.o(.text.HardFault_Handler) for [Anonymous Symbol]
    startup_armcm3.o(RESET) refers to startup_armcm3.o(.text.Reset_Handler) for Reset_Handler
    startup_armcm3.o(RESET) refers to startup_armcm3.o(.text.Default_Handler) for NMI_Handler
    startup_armcm3.o(RESET) refers to os.o(.text.HardFault_Handler) for HardFault_Handler
    startup_armcm3.o(RESET) refers to os_asm.o(SVC_Code) for PendSV_Handler
    startup_armcm3.o(RESET) refers to os.o(.text.SysTick_Handler) for SysTick_Handler
    system_armcm3.o(.text.SystemCoreClockUpdate) refers to system_armcm3.o(.data.SystemCoreClock) for SystemCoreClock
    system_armcm3.o(.ARM.exidx.text.SystemCoreClockUpdate) refers to system_armcm3.o(.text.SystemCoreClockUpdate) for [Anonymous Symbol]
    system_armcm3.o(.text.SystemInit) refers to startup_armcm3.o(RESET) for __Vectors
    system_armcm3.o(.text.SystemInit) refers to system_armcm3.o(.data.SystemCoreClock) for SystemCoreClock
    system_armcm3.o(.ARM.exidx.text.SystemInit) refers to system_armcm3.o(.text.SystemInit) for [Anonymous Symbol]
    entry.o(.ARM.Collect$$$$00000000) refers (Special) to entry10a.o(.ARM.Collect$$$$0000000D) for __rt_final_cpp
    entry.o(.ARM.Collect$$$$00000000) refers (Special) to entry11a.o(.ARM.Collect$$$$0000000F) for __rt_final_exit
    entry.o(.ARM.Collect$$$$00000000) refers (Special) to entry7b.o(.ARM.Collect$$$$00000008) for _main_clock
    entry.o(.ARM.Collect$$$$00000000) refers (Special) to entry8b.o(.ARM.Collect$$$$0000000A) for _main_cpp_init
    entry.o(.ARM.Collect$$$$00000000) refers (Special) to entry9a.o(.ARM.Collect$$$$0000000B) for _main_init
    entry.o(.ARM.Collect$$$$00000000) refers (Special) to entry5.o(.ARM.Collect$$$$00000004) for _main_scatterload
    entry.o(.ARM.Collect$$$$00000000) refers (Special) to entry4.o(.ARM.Collect$$$$00000003) for _main_stk
    entry4.o(.ARM.Collect$$$$00000003) refers to entry4.o(.ARM.Collect$$$$00002714) for __lit__00000000
    entry4.o(__vectab_stack_and_reset_area) refers to entry.o(.ARM.Collect$$$$00000000) for __main
    entry5.o(.ARM.Collect$$$$00000004) refers to init.o(.text) for __scatterload
    entry9a.o(.ARM.Collect$$$$0000000B) refers to main.o(.text.main) for main
    entry9b.o(.ARM.Collect$$$$0000000C) refers to main.o(.text.main) for main
    init.o(.text) refers to entry5.o(.ARM.Collect$$$$00000004) for __main_after_scatterload


==============================================================================

Removing Unused input sections from the image.

    Removing os.o(.text), (0 bytes).
    Removing os.o(.ARM.exidx.text.os_malloc), (8 bytes).
    Removing os.o(.ARM.exidx.text.os_task_create), (8 bytes).
    Removing os.o(.ARM.exidx.text.os_scheduler), (8 bytes).
    Removing os.o(.ARM.exidx.text.os_start), (8 bytes).
    Removing os.o(.ARM.exidx.text.__NVIC_SetPriority), (8 bytes).
    Removing os.o(.ARM.exidx.text.SysTick_Config), (8 bytes).
    Removing os.o(.ARM.exidx.text.os_delay), (8 bytes).
    Removing os.o(.ARM.exidx.text.SysTick_Handler), (8 bytes).
    Removing os.o(.ARM.exidx.text.HardFault_Handler), (8 bytes).
    Removing os.o(.ARM.exidx.text.mutex_lock), (8 bytes).
    Removing os.o(.ARM.exidx.text.mutex_unlock), (8 bytes).
    Removing os.o(.ARM.exidx.text.sem_wait), (8 bytes).
    Removing os.o(.ARM.exidx.text.sem_post), (8 bytes).
    Removing os.o(.ARM.exidx.text.queue_send), (8 bytes).
    Removing os.o(.ARM.exidx.text.queue_receive), (8 bytes).
    Removing main.o(.text), (0 bytes).
    Removing main.o(.ARM.exidx.text.task1), (8 bytes).
    Removing main.o(.ARM.exidx.text.task2), (8 bytes).
    Removing main.o(.ARM.exidx.text.idle_task), (8 bytes).
    Removing main.o(.ARM.exidx.text.main), (8 bytes).
    Removing main.o(.bss.sensor_data), (4 bytes).
    Removing main.o(.ARM.use_no_argv), (4 bytes).
    Removing startup_armcm3.o(.text), (0 bytes).
    Removing startup_armcm3.o(.ARM.exidx.text.Default_Handler), (8 bytes).
    Removing startup_armcm3.o(.ARM.exidx.text.Reset_Handler), (8 bytes).
    Removing startup_armcm3.o(.text.HardFault_Handler), (4 bytes).
    Removing startup_armcm3.o(.ARM.exidx.text.HardFault_Handler), (8 bytes).
    Removing system_armcm3.o(.text), (0 bytes).
    Removing system_armcm3.o(.text.SystemCoreClockUpdate), (20 bytes).
    Removing system_armcm3.o(.ARM.exidx.text.SystemCoreClockUpdate), (8 bytes).
    Removing system_armcm3.o(.ARM.exidx.text.SystemInit), (8 bytes).

32 unused section(s) (total 224 bytes) removed from the image.

==============================================================================

Image Symbol Table

    Local Symbols

    Symbol Name                              Value     Ov Type        Size  Object(Section)

    ../clib/microlib/init/entry.s            0x00000000   Number         0  entry.o ABSOLUTE
    ../clib/microlib/init/entry.s            0x00000000   Number         0  entry4.o ABSOLUTE
    ../clib/microlib/init/entry.s            0x00000000   Number         0  entry5.o ABSOLUTE
    ../clib/microlib/init/entry.s            0x00000000   Number         0  entry7a.o ABSOLUTE
    ../clib/microlib/init/entry.s            0x00000000   Number         0  entry7b.o ABSOLUTE
    ../clib/microlib/init/entry.s            0x00000000   Number         0  entry8a.o ABSOLUTE
    ../clib/microlib/init/entry.s            0x00000000   Number         0  entry8b.o ABSOLUTE
    ../clib/microlib/init/entry.s            0x00000000   Number         0  entry9a.o ABSOLUTE
    ../clib/microlib/init/entry.s            0x00000000   Number         0  entry9b.o ABSOLUTE
    ../clib/microlib/init/entry.s            0x00000000   Number         0  entry10a.o ABSOLUTE
    ../clib/microlib/init/entry.s            0x00000000   Number         0  entry10b.o ABSOLUTE
    ../clib/microlib/init/entry.s            0x00000000   Number         0  entry11a.o ABSOLUTE
    ../clib/microlib/init/entry.s            0x00000000   Number         0  entry11b.o ABSOLUTE
    __tagsym$$used.0                         0x00000000   Number         0  startup_armcm3.o(RESET)
    dc.s                                     0x00000000   Number         0  dc.o ABSOLUTE
    handlers.s                               0x00000000   Number         0  handlers.o ABSOLUTE
    init.s                                   0x00000000   Number         0  init.o ABSOLUTE
    main.c                                   0x00000000   Number         0  main.o ABSOLUTE
    os.c                                     0x00000000   Number         0  os.o ABSOLUTE
    os_asm.s                                 0x00000000   Number         0  os_asm.o ABSOLUTE
    startup_ARMCM3.c                         0x00000000   Number         0  startup_armcm3.o ABSOLUTE
    system_ARMCM3.c                          0x00000000   Number         0  system_armcm3.o ABSOLUTE
    .ARM.Collect$$$$00000000                 0x000003c0   Section        0  entry.o(.ARM.Collect$$$$00000000)
    .ARM.Collect$$$$00000003                 0x000003c0   Section        4  entry4.o(.ARM.Collect$$$$00000003)
    .ARM.Collect$$$$00000004                 0x000003c4   Section        4  entry5.o(.ARM.Collect$$$$00000004)
    .ARM.Collect$$$$00000008                 0x000003c8   Section        0  entry7b.o(.ARM.Collect$$$$00000008)
    .ARM.Collect$$$$0000000A                 0x000003c8   Section        0  entry8b.o(.ARM.Collect$$$$0000000A)
    .ARM.Collect$$$$0000000B                 0x000003c8   Section        8  entry9a.o(.ARM.Collect$$$$0000000B)
    __lit__00000000                          0x000003d0   Data           4  entry4.o(.ARM.Collect$$$$00002714)
    .ARM.Collect$$$$0000000D                 0x000003d0   Section        0  entry10a.o(.ARM.Collect$$$$0000000D)
    .ARM.Collect$$$$0000000F                 0x000003d0   Section        0  entry11a.o(.ARM.Collect$$$$0000000F)
    .ARM.Collect$$$$00002714                 0x000003d0   Section        4  entry4.o(.ARM.Collect$$$$00002714)
    .text                                    0x000003d4   Section       48  init.o(.text)
    [Anonymous Symbol]                       0x00000404   Section        0  startup_armcm3.o(.text.Default_Handler)
    [Anonymous Symbol]                       0x00000408   Section        0  os.o(.text.HardFault_Handler)
    [Anonymous Symbol]                       0x0000040c   Section        0  startup_armcm3.o(.text.Reset_Handler)
    SysTick_Config                           0x00000415   Thumb Code    84  os.o(.text.SysTick_Config)
    [Anonymous Symbol]                       0x00000414   Section        0  os.o(.text.SysTick_Config)
    [Anonymous Symbol]                       0x00000468   Section        0  os.o(.text.SysTick_Handler)
    [Anonymous Symbol]                       0x00000578   Section        0  system_armcm3.o(.text.SystemInit)
    __NVIC_SetPriority                       0x000005a1   Thumb Code    66  os.o(.text.__NVIC_SetPriority)
    [Anonymous Symbol]                       0x000005a0   Section        0  os.o(.text.__NVIC_SetPriority)
    [Anonymous Symbol]                       0x000005e4   Section        0  main.o(.text.idle_task)
    [Anonymous Symbol]                       0x000005e8   Section        0  main.o(.text.main)
    [Anonymous Symbol]                       0x00000674   Section        0  os.o(.text.mutex_lock)
    [Anonymous Symbol]                       0x00000700   Section        0  os.o(.text.mutex_unlock)
    [Anonymous Symbol]                       0x0000077c   Section        0  os.o(.text.os_delay)
    [Anonymous Symbol]                       0x000007dc   Section        0  os.o(.text.os_malloc)
    [Anonymous Symbol]                       0x00000828   Section        0  os.o(.text.os_scheduler)
    [Anonymous Symbol]                       0x00000910   Section        0  os.o(.text.os_start)
    [Anonymous Symbol]                       0x00000960   Section        0  os.o(.text.os_task_create)
    [Anonymous Symbol]                       0x00000a30   Section        0  os.o(.text.queue_receive)
    [Anonymous Symbol]                       0x00000aa4   Section        0  os.o(.text.queue_send)
    [Anonymous Symbol]                       0x00000b18   Section        0  os.o(.text.sem_post)
    [Anonymous Symbol]                       0x00000b7c   Section        0  os.o(.text.sem_wait)
    [Anonymous Symbol]                       0x00000bd8   Section        0  main.o(.text.task1)
    [Anonymous Symbol]                       0x00000c2c   Section        0  main.o(.text.task2)
    SVC_Code                                 0x00000c80   Section       72  os_asm.o(SVC_Code)
    i.__scatterload_copy                     0x00000cc8   Section       14  handlers.o(i.__scatterload_copy)
    i.__scatterload_null                     0x00000cd6   Section        2  handlers.o(i.__scatterload_null)
    i.__scatterload_zeroinit                 0x00000cd8   Section       14  handlers.o(i.__scatterload_zeroinit)
    memory_pool                              0x20000014   Data       16384  os.o(.bss.memory_pool)
    [Anonymous Symbol]                       0x20000014   Section        0  os.o(.bss.memory_pool)
    pool_index                               0x2000404c   Data           4  os.o(.bss.pool_index)
    [Anonymous Symbol]                       0x2000404c   Section        0  os.o(.bss.pool_index)

    Global Symbols

    Symbol Name                              Value     Ov Type        Size  Object(Section)

    BuildAttributes$$THM_ISAv4$P$D$K$B$S$PE$A:L22UL41UL21$X:L11$S22US41US21$IEEE1$IW$~IW$USESV6$~STKCKD$USESV7$~SHL$OSPACE$EBA8$MICROLIB$REQ8$PRES8$EABIv2 0x00000000   Number         0  anon$$obj.o ABSOLUTE
    __Vectors                                0x00000000   Data         960  startup_armcm3.o(RESET)
    __cpp_initialize__aeabi_                  - Undefined Weak Reference
    __cxa_finalize                            - Undefined Weak Reference
    __decompress                              - Undefined Weak Reference
    _clock_init                               - Undefined Weak Reference
    _microlib_exit                            - Undefined Weak Reference
    __main                                   0x000003c1   Thumb Code     0  entry.o(.ARM.Collect$$$$00000000)
    _main_stk                                0x000003c1   Thumb Code     0  entry4.o(.ARM.Collect$$$$00000003)
    _main_scatterload                        0x000003c5   Thumb Code     0  entry5.o(.ARM.Collect$$$$00000004)
    __main_after_scatterload                 0x000003c9   Thumb Code     0  entry5.o(.ARM.Collect$$$$00000004)
    _main_clock                              0x000003c9   Thumb Code     0  entry7b.o(.ARM.Collect$$$$00000008)
    _main_cpp_init                           0x000003c9   Thumb Code     0  entry8b.o(.ARM.Collect$$$$0000000A)
    _main_init                               0x000003c9   Thumb Code     0  entry9a.o(.ARM.Collect$$$$0000000B)
    __rt_final_cpp                           0x000003d1   Thumb Code     0  entry10a.o(.ARM.Collect$$$$0000000D)
    __rt_final_exit                          0x000003d1   Thumb Code     0  entry11a.o(.ARM.Collect$$$$0000000F)
    __scatterload                            0x000003d5   Thumb Code    38  init.o(.text)
    __scatterload_rt2                        0x000003d5   Thumb Code     0  init.o(.text)
    BusFault_Handler                         0x00000405   Thumb Code     4  startup_armcm3.o(.text.Default_Handler)
    DebugMon_Handler                         0x00000405   Thumb Code     4  startup_armcm3.o(.text.Default_Handler)
    Default_Handler                          0x00000405   Thumb Code     4  startup_armcm3.o(.text.Default_Handler)
    Interrupt0_Handler                       0x00000405   Thumb Code     4  startup_armcm3.o(.text.Default_Handler)
    Interrupt1_Handler                       0x00000405   Thumb Code     4  startup_armcm3.o(.text.Default_Handler)
    Interrupt2_Handler                       0x00000405   Thumb Code     4  startup_armcm3.o(.text.Default_Handler)
    Interrupt3_Handler                       0x00000405   Thumb Code     4  startup_armcm3.o(.text.Default_Handler)
    Interrupt4_Handler                       0x00000405   Thumb Code     4  startup_armcm3.o(.text.Default_Handler)
    Interrupt5_Handler                       0x00000405   Thumb Code     4  startup_armcm3.o(.text.Default_Handler)
    Interrupt6_Handler                       0x00000405   Thumb Code     4  startup_armcm3.o(.text.Default_Handler)
    Interrupt7_Handler                       0x00000405   Thumb Code     4  startup_armcm3.o(.text.Default_Handler)
    Interrupt8_Handler                       0x00000405   Thumb Code     4  startup_armcm3.o(.text.Default_Handler)
    Interrupt9_Handler                       0x00000405   Thumb Code     4  startup_armcm3.o(.text.Default_Handler)
    MemManage_Handler                        0x00000405   Thumb Code     4  startup_armcm3.o(.text.Default_Handler)
    NMI_Handler                              0x00000405   Thumb Code     4  startup_armcm3.o(.text.Default_Handler)
    SVC_Handler                              0x00000405   Thumb Code     4  startup_armcm3.o(.text.Default_Handler)
    UsageFault_Handler                       0x00000405   Thumb Code     4  startup_armcm3.o(.text.Default_Handler)
    HardFault_Handler                        0x00000409   Thumb Code     4  os.o(.text.HardFault_Handler)
    Reset_Handler                            0x0000040d   Thumb Code     8  startup_armcm3.o(.text.Reset_Handler)
    SysTick_Handler                          0x00000469   Thumb Code   272  os.o(.text.SysTick_Handler)
    SystemInit                               0x00000579   Thumb Code    38  system_armcm3.o(.text.SystemInit)
    idle_task                                0x000005e5   Thumb Code     4  main.o(.text.idle_task)
    main                                     0x000005e9   Thumb Code   140  main.o(.text.main)
    mutex_lock                               0x00000675   Thumb Code   138  os.o(.text.mutex_lock)
    mutex_unlock                             0x00000701   Thumb Code   124  os.o(.text.mutex_unlock)
    os_delay                                 0x0000077d   Thumb Code    96  os.o(.text.os_delay)
    os_malloc                                0x000007dd   Thumb Code    76  os.o(.text.os_malloc)
    os_scheduler                             0x00000829   Thumb Code   230  os.o(.text.os_scheduler)
    os_start                                 0x00000911   Thumb Code    78  os.o(.text.os_start)
    os_task_create                           0x00000961   Thumb Code   208  os.o(.text.os_task_create)
    queue_receive                            0x00000a31   Thumb Code   114  os.o(.text.queue_receive)
    queue_send                               0x00000aa5   Thumb Code   116  os.o(.text.queue_send)
    sem_post                                 0x00000b19   Thumb Code   100  os.o(.text.sem_post)
    sem_wait                                 0x00000b7d   Thumb Code    92  os.o(.text.sem_wait)
    task1                                    0x00000bd9   Thumb Code    84  main.o(.text.task1)
    task2                                    0x00000c2d   Thumb Code    82  main.o(.text.task2)
    PendSV_Handler                           0x00000c81   Thumb Code     0  os_asm.o(SVC_Code)
    __scatterload_copy                       0x00000cc9   Thumb Code    14  handlers.o(i.__scatterload_copy)
    __scatterload_null                       0x00000cd7   Thumb Code     2  handlers.o(i.__scatterload_null)
    __scatterload_zeroinit                   0x00000cd9   Thumb Code    14  handlers.o(i.__scatterload_zeroinit)
    Region$$Table$$Base                      0x00000ce8   Number         0  anon$$obj.o(Region$$Table)
    Region$$Table$$Limit                     0x00000d08   Number         0  anon$$obj.o(Region$$Table)
    SystemCoreClock                          0x20000000   Data           4  system_armcm3.o(.data.SystemCoreClock)
    shared_mutex                             0x20000004   Data           8  main.o(.data.shared_mutex)
    current_task                             0x2000000c   Data           4  os.o(.bss.current_task)
    data_ready                               0x20000010   Data           4  main.o(.bss.data_ready)
    myqueue                                  0x20004014   Data          44  main.o(.bss.myqueue)
    next_task                                0x20004040   Data           4  os.o(.bss.next_task)
    num_created_tasks                        0x20004044   Data           4  os.o(.bss.num_created_tasks)
    os_tick                                  0x20004048   Data           4  os.o(.bss.os_tick)
    received_msg                             0x20004050   Data           4  main.o(.bss.received_msg)
    shared_counter                           0x20004054   Data           4  main.o(.bss.shared_counter)
    tasks                                    0x20004058   Data         384  os.o(.bss.tasks)
    Image$$ARM_LIB_STACK$$ZI$$Limit          0x20020000   Number         0  anon$$obj.o ABSOLUTE



==============================================================================

Memory Map of the image

  Image Entry point : 0x000003c1

  Load Region LR_IROM1 (Base: 0x00000000, Size: 0x00000d14, Max: 0x00040000, ABSOLUTE)

    Execution Region ER_IROM1 (Exec base: 0x00000000, Load base: 0x00000000, Size: 0x00000d08, Max: 0x00040000, ABSOLUTE)

    Exec Addr    Load Addr    Size         Type   Attr      Idx    E Section Name        Object

    0x00000000   0x00000000   0x000003c0   Data   RO           81    RESET               startup_armcm3.o
    0x000003c0   0x000003c0   0x00000000   Code   RO          100  * .ARM.Collect$$$$00000000  mc_w.l(entry.o)
    0x000003c0   0x000003c0   0x00000004   Code   RO          103    .ARM.Collect$$$$00000003  mc_w.l(entry4.o)
    0x000003c4   0x000003c4   0x00000004   Code   RO          106    .ARM.Collect$$$$00000004  mc_w.l(entry5.o)
    0x000003c8   0x000003c8   0x00000000   Code   RO          108    .ARM.Collect$$$$00000008  mc_w.l(entry7b.o)
    0x000003c8   0x000003c8   0x00000000   Code   RO          110    .ARM.Collect$$$$0000000A  mc_w.l(entry8b.o)
    0x000003c8   0x000003c8   0x00000008   Code   RO          111    .ARM.Collect$$$$0000000B  mc_w.l(entry9a.o)
    0x000003d0   0x000003d0   0x00000000   Code   RO          113    .ARM.Collect$$$$0000000D  mc_w.l(entry10a.o)
    0x000003d0   0x000003d0   0x00000000   Code   RO          115    .ARM.Collect$$$$0000000F  mc_w.l(entry11a.o)
    0x000003d0   0x000003d0   0x00000004   Code   RO          104    .ARM.Collect$$$$00002714  mc_w.l(entry4.o)
    0x000003d4   0x000003d4   0x00000030   Code   RO          117    .text               mc_w.l(init.o)
    0x00000404   0x00000404   0x00000004   Code   RO           75    .text.Default_Handler  startup_armcm3.o
    0x00000408   0x00000408   0x00000004   Code   RO           20    .text.HardFault_Handler  os.o
    0x0000040c   0x0000040c   0x00000008   Code   RO           77    .text.Reset_Handler  startup_armcm3.o
    0x00000414   0x00000414   0x00000054   Code   RO           14    .text.SysTick_Config  os.o
    0x00000468   0x00000468   0x00000110   Code   RO           18    .text.SysTick_Handler  os.o
    0x00000578   0x00000578   0x00000026   Code   RO           91    .text.SystemInit    system_armcm3.o
    0x0000059e   0x0000059e   0x00000002   PAD
    0x000005a0   0x000005a0   0x00000042   Code   RO           12    .text.__NVIC_SetPriority  os.o
    0x000005e2   0x000005e2   0x00000002   PAD
    0x000005e4   0x000005e4   0x00000004   Code   RO           57    .text.idle_task     main.o
    0x000005e8   0x000005e8   0x0000008c   Code   RO           59    .text.main          main.o
    0x00000674   0x00000674   0x0000008a   Code   RO           22    .text.mutex_lock    os.o
    0x000006fe   0x000006fe   0x00000002   PAD
    0x00000700   0x00000700   0x0000007c   Code   RO           24    .text.mutex_unlock  os.o
    0x0000077c   0x0000077c   0x00000060   Code   RO           16    .text.os_delay      os.o
    0x000007dc   0x000007dc   0x0000004c   Code   RO            4    .text.os_malloc     os.o
    0x00000828   0x00000828   0x000000e6   Code   RO            8    .text.os_scheduler  os.o
    0x0000090e   0x0000090e   0x00000002   PAD
    0x00000910   0x00000910   0x0000004e   Code   RO           10    .text.os_start      os.o
    0x0000095e   0x0000095e   0x00000002   PAD
    0x00000960   0x00000960   0x000000d0   Code   RO            6    .text.os_task_create  os.o
    0x00000a30   0x00000a30   0x00000072   Code   RO           32    .text.queue_receive  os.o
    0x00000aa2   0x00000aa2   0x00000002   PAD
    0x00000aa4   0x00000aa4   0x00000074   Code   RO           30    .text.queue_send    os.o
    0x00000b18   0x00000b18   0x00000064   Code   RO           28    .text.sem_post      os.o
    0x00000b7c   0x00000b7c   0x0000005c   Code   RO           26    .text.sem_wait      os.o
    0x00000bd8   0x00000bd8   0x00000054   Code   RO           53    .text.task1         main.o
    0x00000c2c   0x00000c2c   0x00000052   Code   RO           55    .text.task2         main.o
    0x00000c7e   0x00000c7e   0x00000002   PAD
    0x00000c80   0x00000c80   0x00000048   Code   RO           47    SVC_Code            os_asm.o
    0x00000cc8   0x00000cc8   0x0000000e   Code   RO          121    i.__scatterload_copy  mc_w.l(handlers.o)
    0x00000cd6   0x00000cd6   0x00000002   Code   RO          122    i.__scatterload_null  mc_w.l(handlers.o)
    0x00000cd8   0x00000cd8   0x0000000e   Code   RO          123    i.__scatterload_zeroinit  mc_w.l(handlers.o)
    0x00000ce6   0x00000ce6   0x00000002   PAD
    0x00000ce8   0x00000ce8   0x00000020   Data   RO          120    Region$$Table       anon$$obj.o


    Execution Region RW_IRAM1 (Exec base: 0x20000000, Load base: 0x00000d08, Size: 0x000041d8, Max: 0x00020000, ABSOLUTE)

    Exec Addr    Load Addr    Size         Type   Attr      Idx    E Section Name        Object

    0x20000000   0x00000d08   0x00000004   Data   RW           93    .data.SystemCoreClock  system_armcm3.o
    0x20000004   0x00000d0c   0x00000008   Data   RW           61    .data.shared_mutex  main.o
    0x2000000c        -       0x00000004   Zero   RW           34    .bss.current_task   os.o
    0x20000010        -       0x00000004   Zero   RW           62    .bss.data_ready     main.o
    0x20000014        -       0x00004000   Zero   RW           39    .bss.memory_pool    os.o
    0x20004014        -       0x0000002c   Zero   RW           63    .bss.myqueue        main.o
    0x20004040        -       0x00000004   Zero   RW           35    .bss.next_task      os.o
    0x20004044        -       0x00000004   Zero   RW           36    .bss.num_created_tasks  os.o
    0x20004048        -       0x00000004   Zero   RW           37    .bss.os_tick        os.o
    0x2000404c        -       0x00000004   Zero   RW           38    .bss.pool_index     os.o
    0x20004050        -       0x00000004   Zero   RW           65    .bss.received_msg   main.o
    0x20004054        -       0x00000004   Zero   RW           64    .bss.shared_counter  main.o
    0x20004058        -       0x00000180   Zero   RW           40    .bss.tasks          os.o


    Execution Region ARM_LIB_STACK (Exec base: 0x2001f000, Load base: 0x00000d14, Size: 0x00001000, Max: 0x00001000, ABSOLUTE)

    Exec Addr    Load Addr    Size         Type   Attr      Idx    E Section Name        Object

    0x2001f000        -       0x00001000   Zero   RW            1    ARM_LIB_STACK.bss   anon$$obj.o


    Execution Region ARM_LIB_HEAP (Exec base: 0x20021000, Load base: 0x00000d14, Size: 0x00001000, Max: 0x00001000, ABSOLUTE)

    Exec Addr    Load Addr    Size         Type   Attr      Idx    E Section Name        Object

    0x20021000        -       0x00001000   Zero   RW            2    ARM_LIB_HEAP.bss    anon$$obj.o


==============================================================================

Image component sizes


      Code (inc. data)   RO Data    RW Data    ZI Data      Debug   Object Name

       310          0          0          8         56       1483   main.o
      1798          0          0          0      16788       6474   os.o
        72         12          0          0          0        240   os_asm.o
        12          0        960          0          0        852   startup_armcm3.o
        38          0          0          4          0       1481   system_armcm3.o

    ----------------------------------------------------------------------
      2244         12        992         12      25036      10530   Object Totals
         0          0         32          0       8192          0   (incl. Generated)
        14          0          0          0          0          0   (incl. Padding)

    ----------------------------------------------------------------------

      Code (inc. data)   RO Data    RW Data    ZI Data      Debug   Library Member Name

         0          0          0          0          0          0   entry.o
         0          0          0          0          0          0   entry10a.o
         0          0          0          0          0          0   entry11a.o
         8          4          0          0          0          0   entry4.o
         4          0          0          0          0          0   entry5.o
         0          0          0          0          0          0   entry7b.o
         0          0          0          0          0          0   entry8b.o
         8          4          0          0          0          0   entry9a.o
        30          0          0          0          0          0   handlers.o
        48         10          0          0          0         68   init.o

    ----------------------------------------------------------------------
       100         18          0          0          0         68   Library Totals
         2          0          0          0          0          0   (incl. Padding)

    ----------------------------------------------------------------------

      Code (inc. data)   RO Data    RW Data    ZI Data      Debug   Library Name

        98         18          0          0          0         68   mc_w.l

    ----------------------------------------------------------------------
       100         18          0          0          0         68   Library Totals

    ----------------------------------------------------------------------

==============================================================================


      Code (inc. data)   RO Data    RW Data    ZI Data      Debug   

      2344         30        992         12      25036      10742   Grand Totals
      2344         30        992         12      25036      10742   ELF Image Totals
      2344         30        992         12          0          0   ROM Totals

==============================================================================

    Total RO  Size (Code + RO Data)                 3336 (   3.26kB)
    Total RW  Size (RW Data + ZI Data)             25048 (  24.46kB)
    Total ROM Size (Code + RO Data + RW Data)       3348 (   3.27kB)

==============================================================================

